2026-08-06 16:26:23,140 - INFO - AI Disaster Response System is starting...
2026-08-06 16:26:49,187 - INFO - AI Disaster Response System is starting...
2026-08-06 16:27:13,077 - INFO - AI Disaster Response System is starting...
2026-08-06 16:27:33,159 - INFO - AI Disaster Response System is starting...
2026-08-06 16:27:57,177 - INFO - AI Disaster Response System is starting...
2026-08-06 16:28:11,518 - INFO - Home endpoint accessed
2026-08-06 16:33:54,034 - INFO - AI Disaster Response System has started succecc...
2026-08-06 16:34:01,965 - INFO - AI Disaster Response System has started successfully...
2026-08-06 16:34:06,116 - INFO - AI Disaster Response System has started successfully.
2026-08-06 16:38:22,060 - INFO - AI Disaster Response System has started successfully.
2026-08-06 16:39:26,345 - INFO - AI Disaster Response System has started successfully.
2026-08-06 16:39:57,822 - INFO - AI Disaster Response System has started successfully.
2026-08-06 16:41:37,507 - INFO - Home endpoint accessed
2026-08-06 16:52:28,692 - INFO - AI Disaster Response System has started successfully.
2026-08-06 16:53:36,274 - INFO - AI Disaster Response System has started successfully.
2026-08-06 16:53:45,339 - INFO - AI Disaster Response System has started successfully.
2026-08-06 16:54:06,659 - INFO - AI Disaster Response System has started successfully.
2026-08-06 16:54:17,105 - INFO - AI Disaster Response System has started successfully.
2026-08-06 16:54:48,040 - INFO - AI Disaster Response System has started successfully.
2026-08-06 16:55:49,707 - INFO - AI Disaster Response System has started successfully.
2026-08-06 17:04:30,480 - INFO - AI Disaster Response System has started successfully.
2026-08-06 17:05:10,648 - INFO - AI Disaster Response System has started successfully.
2026-09-22 20:05:58,229 - INFO - AI Disaster Response System has started successfully.
2026-09-22 20:06:05,676 - INFO - Home endpoint accessed
